[2026-08-29T19:44:33.805Z] GET file:///C:/Users/SJL/subway-builder-modded/transitline/docs/daegu-density.html → 200 (3ms, 162614B)
[2026-08-29T19:44:33.813Z] GET https://fonts.googleapis.com/css2?family=IBM+Plex+Mono:wght@400;500;600&family=IBM+Plex+Sans+KR:wght@400;500;600;700&display=swap → 200 (299ms, 53631B)
[2026-08-29T19:44:34.289Z] GET https://fonts.gstatic.com/s/ibmplexsanskr/v11/vEFK2-VJISZe3O_rc3ZVYh4aTwNOwtW_Wg.woff2 → pending (?ms, ?B)
[2026-08-29T19:44:34.289Z] GET https://fonts.gstatic.com/s/ibmplexsanskr/v11/vEFN2-VJISZe3O_rc3ZVYh4aTwNOym6af7OEvsHaFtDGbzuTFhzdq3hW5qs5jg.118.woff2 → pending (?ms, ?B)
[2026-08-29T19:44:34.289Z] GET https://fonts.gstatic.com/s/ibmplexmono/v20/-F63fjptAgt5VM-kVkqdyU8n1i8q1w.woff2 → pending (?ms, ?B)
[2026-08-29T19:44:34.289Z] GET https://fonts.gstatic.com/s/ibmplexsanskr/v11/vEFN2-VJISZe3O_rc3ZVYh4aTwNOygqbf7OEvsHaFtDGbzuTFhzdq3hW5qs5jg.117.woff2 → pending (?ms, ?B)
[2026-08-29T19:44:34.290Z] GET https://fonts.gstatic.com/s/ibmplexsanskr/v11/vEFN2-VJISZe3O_rc3ZVYh4aTwNOygqbf7OEvsHaFtDGbzuTFhzdq3hW5qs5jg.119.woff2 → pending (?ms, ?B)
[2026-08-29T19:44:34.290Z] GET https://fonts.gstatic.com/s/ibmplexsanskr/v11/vEFN2-VJISZe3O_rc3ZVYh4aTwNOyiacf7OEvsHaFtDGbzuTFhzdq3hW5qs5jg.117.woff2 → pending (?ms, ?B)
[2026-08-29T19:44:34.290Z] GET https://fonts.gstatic.com/s/ibmplexsanskr/v11/vEFN2-VJISZe3O_rc3ZVYh4aTwNOyiacf7OEvsHaFtDGbzuTFhzdq3hW5qs5jg.118.woff2 → pending (?ms, ?B)
[2026-08-29T19:44:34.290Z] GET https://fonts.gstatic.com/s/ibmplexsanskr/v11/vEFN2-VJISZe3O_rc3ZVYh4aTwNOyiacT7HmqQ.woff2 → pending (?ms, ?B)
[2026-08-29T19:44:34.366Z] GET https://fonts.gstatic.com/s/ibmplexmono/v20/-F6qfjptAgt5VM-kVkqdyU8n3twJwlBFgg.woff2 → pending (?ms, ?B)
[2026-08-29T19:44:34.370Z] GET https://fonts.gstatic.com/s/ibmplexsanskr/v11/vEFN2-VJISZe3O_rc3ZVYh4aTwNOym6aT7HmqQ.woff2 → pending (?ms, ?B)
[2026-08-29T19:44:34.370Z] GET https://fonts.gstatic.com/s/ibmplexmono/v20/-F6qfjptAgt5VM-kVkqdyU8n3vAOwlBFgg.woff2 → pending (?ms, ?B)
[2026-08-29T19:44:34.370Z] GET https://fonts.gstatic.com/s/ibmplexsanskr/v11/vEFN2-VJISZe3O_rc3ZVYh4aTwNOym6af7OEvsHaFtDGbzuTFhzdq3hW5qs5jg.119.woff2 → pending (?ms, ?B)
[2026-08-29T19:44:34.370Z] GET https://fonts.gstatic.com/s/ibmplexsanskr/v11/vEFN2-VJISZe3O_rc3ZVYh4aTwNOym6af7OEvsHaFtDGbzuTFhzdq3hW5qs5jg.116.woff2 → pending (?ms, ?B)
[2026-08-29T19:44:34.370Z] GET https://fonts.gstatic.com/s/ibmplexsanskr/v11/vEFN2-VJISZe3O_rc3ZVYh4aTwNOym6af7OEvsHaFtDGbzuTFhzdq3hW5qs5jg.115.woff2 → pending (?ms, ?B)
[2026-08-29T19:44:34.370Z] GET https://fonts.gstatic.com/s/ibmplexsanskr/v11/vEFK2-VJISZe3O_rc3ZVYh4aTwNO8tfdTbzIx6SmGN7aVT6YLxnNoW0zig.119.woff2 → pending (?ms, ?B)
[2026-08-29T19:44:34.370Z] GET https://fonts.gstatic.com/s/ibmplexsanskr/v11/vEFK2-VJISZe3O_rc3ZVYh4aTwNO8tfdTbzIx6SmGN7aVT6YLxnNoW0zig.118.woff2 → pending (?ms, ?B)
[2026-08-29T19:44:34.370Z] GET https://fonts.gstatic.com/s/ibmplexsanskr/v11/vEFK2-VJISZe3O_rc3ZVYh4aTwNO8tfdTbzIx6SmGN7aVT6YLxnNoW0zig.117.woff2 → pending (?ms, ?B)
[2026-08-29T19:44:34.370Z] GET https://fonts.gstatic.com/s/ibmplexsanskr/v11/vEFK2-VJISZe3O_rc3ZVYh4aTwNO8tfdTbzIx6SmGN7aVT6YLxnNoW0zig.116.woff2 → pending (?ms, ?B)
[2026-08-29T19:44:34.370Z] GET https://fonts.gstatic.com/s/ibmplexsanskr/v11/vEFK2-VJISZe3O_rc3ZVYh4aTwNO8tfdTbzIx6SmGN7aVT6YLxnNoW0zig.115.woff2 → pending (?ms, ?B)
[2026-08-29T19:44:34.370Z] GET https://fonts.gstatic.com/s/ibmplexsanskr/v11/vEFK2-VJISZe3O_rc3ZVYh4aTwNO8tfdTbzIx6SmGN7aVT6YLxnNoW0zig.112.woff2 → pending (?ms, ?B)
[2026-08-29T19:44:34.370Z] GET https://fonts.gstatic.com/s/ibmplexsanskr/v11/vEFK2-VJISZe3O_rc3ZVYh4aTwNO8tfdTbzIx6SmGN7aVT6YLxnNoW0zig.93.woff2 → pending (?ms, ?B)
[2026-08-29T19:44:34.370Z] GET https://fonts.gstatic.com/s/ibmplexsanskr/v11/vEFN2-VJISZe3O_rc3ZVYh4aTwNOygqbT7HmqQ.woff2 → pending (?ms, ?B)
[2026-08-29T19:44:34.370Z] GET https://fonts.gstatic.com/s/ibmplexsanskr/v11/vEFN2-VJISZe3O_rc3ZVYh4aTwNOygqbf7OEvsHaFtDGbzuTFhzdq3hW5qs5jg.118.woff2 → pending (?ms, ?B)
[2026-08-29T19:44:34.370Z] GET https://fonts.gstatic.com/s/ibmplexsanskr/v11/vEFN2-VJISZe3O_rc3ZVYh4aTwNOygqbf7OEvsHaFtDGbzuTFhzdq3hW5qs5jg.116.woff2 → pending (?ms, ?B)
[2026-08-29T19:44:34.370Z] GET https://fonts.gstatic.com/s/ibmplexsanskr/v11/vEFN2-VJISZe3O_rc3ZVYh4aTwNOygqbf7OEvsHaFtDGbzuTFhzdq3hW5qs5jg.115.woff2 → pending (?ms, ?B)
[2026-08-29T19:44:34.370Z] GET https://fonts.gstatic.com/s/ibmplexsanskr/v11/vEFK2-VJISZe3O_rc3ZVYh4aTwNO8tfdTbzIx6SmGN7aVT6YLxnNoW0zig.113.woff2 → pending (?ms, ?B)
[2026-08-29T19:44:34.370Z] GET https://fonts.gstatic.com/s/ibmplexsanskr/v11/vEFN2-VJISZe3O_rc3ZVYh4aTwNOym6af7OEvsHaFtDGbzuTFhzdq3hW5qs5jg.117.woff2 → pending (?ms, ?B)
[2026-08-29T19:44:34.370Z] GET https://fonts.gstatic.com/s/ibmplexsanskr/v11/vEFK2-VJISZe3O_rc3ZVYh4aTwNO8tfdTbzIx6SmGN7aVT6YLxnNoW0zig.110.woff2 → pending (?ms, ?B)
[2026-08-29T19:44:34.370Z] GET https://fonts.gstatic.com/s/ibmplexsanskr/v11/vEFK2-VJISZe3O_rc3ZVYh4aTwNO8tfdTbzIx6SmGN7aVT6YLxnNoW0zig.108.woff2 → pending (?ms, ?B)
[2026-08-29T19:44:34.370Z] GET https://fonts.gstatic.com/s/ibmplexsanskr/v11/vEFK2-VJISZe3O_rc3ZVYh4aTwNO8tfdTbzIx6SmGN7aVT6YLxnNoW0zig.114.woff2 → pending (?ms, ?B)
[2026-08-29T19:44:34.370Z] GET https://fonts.gstatic.com/s/ibmplexsanskr/v11/vEFK2-VJISZe3O_rc3ZVYh4aTwNO8tfdTbzIx6SmGN7aVT6YLxnNoW0zig.109.woff2 → pending (?ms, ?B)
[2026-08-29T19:44:34.370Z] GET https://fonts.gstatic.com/s/ibmplexsanskr/v11/vEFN2-VJISZe3O_rc3ZVYh4aTwNOym6af7OEvsHaFtDGbzuTFhzdq3hW5qs5jg.113.woff2 → pending (?ms, ?B)
[2026-08-29T19:44:34.370Z] GET https://fonts.gstatic.com/s/ibmplexsanskr/v11/vEFN2-VJISZe3O_rc3ZVYh4aTwNOyiacf7OEvsHaFtDGbzuTFhzdq3hW5qs5jg.119.woff2 → pending (?ms, ?B)
[2026-08-29T19:44:34.370Z] GET https://fonts.gstatic.com/s/ibmplexsanskr/v11/vEFN2-VJISZe3O_rc3ZVYh4aTwNOyiacf7OEvsHaFtDGbzuTFhzdq3hW5qs5jg.116.woff2 → pending (?ms, ?B)
[2026-08-29T19:44:34.370Z] GET https://fonts.gstatic.com/s/ibmplexsanskr/v11/vEFN2-VJISZe3O_rc3ZVYh4aTwNOyiacf7OEvsHaFtDGbzuTFhzdq3hW5qs5jg.115.woff2 → pending (?ms, ?B)
[2026-08-29T19:44:34.370Z] GET https://fonts.gstatic.com/s/ibmplexsanskr/v11/vEFN2-VJISZe3O_rc3ZVYh4aTwNOyiacf7OEvsHaFtDGbzuTFhzdq3hW5qs5jg.114.woff2 → pending (?ms, ?B)
